
--- start context_is_everything_app @ 1783619422: python3 -m scripts.showcase --port 8002 ---
Traceback (most recent call last):
  File "<frozen runpy>", line 198, in _run_module_as_main
  File "<frozen runpy>", line 88, in _run_code
  File "/home/username/ai_harness_and_knowledge_facts_and_logic_website_sharing/_repos/shared-backend-components/scripts/showcase/__main__.py", line 4, in <module>
    raise SystemExit(main())
                     ^^^^^^
  File "/home/username/ai_harness_and_knowledge_facts_and_logic_website_sharing/_repos/shared-backend-components/scripts/showcase/server.py", line 630, in main
    serve(args.port)
  File "/home/username/ai_harness_and_knowledge_facts_and_logic_website_sharing/_repos/shared-backend-components/scripts/showcase/server.py", line 591, in serve
    httpd = ThreadingHTTPServer((bind_host, port), Handler)
            ^^^^^^^^^^^^^^^^^^^^^^^^^^^^^^^^^^^^^^^^^^^^^^^
  File "/home/username/.local/share/uv/python/cpython-3.11.15-linux-x86_64-gnu/lib/python3.11/socketserver.py", line 452, in __init__
    self.socket = socket.socket(self.address_family,
                  ^^^^^^^^^^^^^^^^^^^^^^^^^^^^^^^^^^
  File "/home/username/.local/share/uv/python/cpython-3.11.15-linux-x86_64-gnu/lib/python3.11/socket.py", line 232, in __init__
    _socket.socket.__init__(self, family, type, proto, fileno)
PermissionError: [Errno 1] Operation not permitted

--- start context_is_everything_app @ 1783620909: python3 -m scripts.showcase --port 8002 ---
Traceback (most recent call last):
  File "<frozen runpy>", line 198, in _run_module_as_main
  File "<frozen runpy>", line 88, in _run_code
  File "/home/username/ai_harness_and_knowledge_facts_and_logic_website_sharing/_repos/shared-backend-components/scripts/showcase/__main__.py", line 4, in <module>
    raise SystemExit(main())
                     ^^^^^^
  File "/home/username/ai_harness_and_knowledge_facts_and_logic_website_sharing/_repos/shared-backend-components/scripts/showcase/server.py", line 630, in main
    serve(args.port)
  File "/home/username/ai_harness_and_knowledge_facts_and_logic_website_sharing/_repos/shared-backend-components/scripts/showcase/server.py", line 591, in serve
    httpd = ThreadingHTTPServer((bind_host, port), Handler)
            ^^^^^^^^^^^^^^^^^^^^^^^^^^^^^^^^^^^^^^^^^^^^^^^
  File "/home/username/.local/share/uv/python/cpython-3.11.15-linux-x86_64-gnu/lib/python3.11/socketserver.py", line 452, in __init__
    self.socket = socket.socket(self.address_family,
                  ^^^^^^^^^^^^^^^^^^^^^^^^^^^^^^^^^^
  File "/home/username/.local/share/uv/python/cpython-3.11.15-linux-x86_64-gnu/lib/python3.11/socket.py", line 232, in __init__
    _socket.socket.__init__(self, family, type, proto, fileno)
PermissionError: [Errno 1] Operation not permitted
