
--- start identity_local_service @ 1783206662: python3 -m scripts.identity_local_service --serve ---

--- start identity_local_service @ 1783619447: python3 -m scripts.identity_local_service --serve ---
Traceback (most recent call last):
  File "<frozen runpy>", line 198, in _run_module_as_main
  File "<frozen runpy>", line 88, in _run_code
  File "/home/username/ai_harness_and_knowledge_facts_and_logic_website_sharing/_repos/shared-backend-components/scripts/identity_local_service.py", line 869, in <module>
    raise SystemExit(main())
                     ^^^^^^
  File "/home/username/ai_harness_and_knowledge_facts_and_logic_website_sharing/_repos/shared-backend-components/scripts/identity_local_service.py", line 853, in main
    server = ThreadingHTTPServer((args.bind, port), handler)
             ^^^^^^^^^^^^^^^^^^^^^^^^^^^^^^^^^^^^^^^^^^^^^^^
  File "/home/username/.local/share/uv/python/cpython-3.11.15-linux-x86_64-gnu/lib/python3.11/socketserver.py", line 452, in __init__
    self.socket = socket.socket(self.address_family,
                  ^^^^^^^^^^^^^^^^^^^^^^^^^^^^^^^^^^
  File "/home/username/.local/share/uv/python/cpython-3.11.15-linux-x86_64-gnu/lib/python3.11/socket.py", line 232, in __init__
    _socket.socket.__init__(self, family, type, proto, fileno)
PermissionError: [Errno 1] Operation not permitted

--- start identity_local_service @ 1783620934: python3 -m scripts.identity_local_service --serve ---
Traceback (most recent call last):
  File "<frozen runpy>", line 198, in _run_module_as_main
  File "<frozen runpy>", line 88, in _run_code
  File "/home/username/ai_harness_and_knowledge_facts_and_logic_website_sharing/_repos/shared-backend-components/scripts/identity_local_service.py", line 869, in <module>
    raise SystemExit(main())
                     ^^^^^^
  File "/home/username/ai_harness_and_knowledge_facts_and_logic_website_sharing/_repos/shared-backend-components/scripts/identity_local_service.py", line 853, in main
    server = ThreadingHTTPServer((args.bind, port), handler)
             ^^^^^^^^^^^^^^^^^^^^^^^^^^^^^^^^^^^^^^^^^^^^^^^
  File "/home/username/.local/share/uv/python/cpython-3.11.15-linux-x86_64-gnu/lib/python3.11/socketserver.py", line 452, in __init__
    self.socket = socket.socket(self.address_family,
                  ^^^^^^^^^^^^^^^^^^^^^^^^^^^^^^^^^^
  File "/home/username/.local/share/uv/python/cpython-3.11.15-linux-x86_64-gnu/lib/python3.11/socket.py", line 232, in __init__
    _socket.socket.__init__(self, family, type, proto, fileno)
PermissionError: [Errno 1] Operation not permitted
