
--- start portfolio_static_sites @ 1783619322: python3 /home/username/ai_harness_and_knowledge_facts_and_logic_website_sharing/_repos/shared-backend-components/scripts/serve_portfolio_sites.py --start ---
{
  "portfolio": {
    "pid": 2216,
    "port": 9100,
    "url": "http://127.0.0.1:9100/",
    "dir": "/home/username/ai_harness_and_knowledge_facts_and_logic_website_sharing/_repos/shared-backend-components/dist/portfolio-public"
  },
  "aidoneright": {
    "pid": 2217,
    "port": 9101,
    "url": "http://127.0.0.1:9101/",
    "dir": "/home/username/ai_harness_and_knowledge_facts_and_logic_website_sharing/_repos/shared-backend-components/dist/portfolio-public/aidoneright"
  },
  "teleon.dev": {
    "pid": 2218,
    "port": 9102,
    "url": "http://127.0.0.1:9102/",
    "dir": "/home/username/ai_harness_and_knowledge_facts_and_logic_website_sharing/_repos/shared-backend-components/dist/portfolio-public/teleon.dev"
  },
  "baltor": {
    "pid": 2219,
    "port": 9103,
    "url": "http://127.0.0.1:9103/",
    "dir": "/home/username/ai_harness_and_knowledge_facts_and_logic_website_sharing/_repos/shared-backend-components/dist/portfolio-public/baltor"
  },
  "opencontexthub": {
    "pid": 2220,
    "port": 9105,
    "url": "http://127.0.0.1:9105/",
    "dir": "/home/username/ai_harness_and_knowledge_facts_and_logic_website_sharing/_repos/shared-backend-components/dist/portfolio-public/opencontexthub"
  },
  "openskillshub": {
    "pid": 2221,
    "port": 9106,
    "url": "http://127.0.0.1:9106/",
    "dir": "/home/username/ai_harness_and_knowledge_facts_and_logic_website_sharing/_repos/shared-backend-components/dist/portfolio-public/openskillshub"
  },
  "opentoolshub": {
    "pid": 2222,
    "port": 9107,
    "url": "http://127.0.0.1:9107/",
    "dir": "/home/username/ai_harness_and_knowledge_facts_and_logic_website_sharing/_repos/shared-backend-components/dist/portfolio-public/opentoolshub"
  },
  "openhubforai": {
    "pid": 2223,
    "port": 9104,
    "url": "http://127.0.0.1:9104/",
    "dir": "/home/username/ai_harness_and_knowledge_facts_and_logic_website_sharing/_repos/shared-backend-components/dist/portfolio-public/openhubforai"
  }
}

--- start portfolio_static_sites @ 1783620809: python3 /home/username/ai_harness_and_knowledge_facts_and_logic_website_sharing/_repos/shared-backend-components/scripts/serve_portfolio_sites.py --start ---
{
  "portfolio": {
    "pid": 2209,
    "port": 9100,
    "url": "http://127.0.0.1:9100/",
    "dir": "/home/username/ai_harness_and_knowledge_facts_and_logic_website_sharing/_repos/shared-backend-components/dist/portfolio-public"
  },
  "aidoneright": {
    "pid": 2210,
    "port": 9101,
    "url": "http://127.0.0.1:9101/",
    "dir": "/home/username/ai_harness_and_knowledge_facts_and_logic_website_sharing/_repos/shared-backend-components/dist/portfolio-public/aidoneright"
  },
  "teleon.dev": {
    "pid": 2211,
    "port": 9102,
    "url": "http://127.0.0.1:9102/",
    "dir": "/home/username/ai_harness_and_knowledge_facts_and_logic_website_sharing/_repos/shared-backend-components/dist/portfolio-public/teleon.dev"
  },
  "baltor": {
    "pid": 2212,
    "port": 9103,
    "url": "http://127.0.0.1:9103/",
    "dir": "/home/username/ai_harness_and_knowledge_facts_and_logic_website_sharing/_repos/shared-backend-components/dist/portfolio-public/baltor"
  },
  "opencontexthub": {
    "pid": 2214,
    "port": 9105,
    "url": "http://127.0.0.1:9105/",
    "dir": "/home/username/ai_harness_and_knowledge_facts_and_logic_website_sharing/_repos/shared-backend-components/dist/portfolio-public/opencontexthub"
  },
  "openskillshub": {
    "pid": 2215,
    "port": 9106,
    "url": "http://127.0.0.1:9106/",
    "dir": "/home/username/ai_harness_and_knowledge_facts_and_logic_website_sharing/_repos/shared-backend-components/dist/portfolio-public/openskillshub"
  },
  "opentoolshub": {
    "pid": 2216,
    "port": 9107,
    "url": "http://127.0.0.1:9107/",
    "dir": "/home/username/ai_harness_and_knowledge_facts_and_logic_website_sharing/_repos/shared-backend-components/dist/portfolio-public/opentoolshub"
  },
  "openhubforai": {
    "pid": 2217,
    "port": 9104,
    "url": "http://127.0.0.1:9104/",
    "dir": "/home/username/ai_harness_and_knowledge_facts_and_logic_website_sharing/_repos/shared-backend-components/dist/portfolio-public/openhubforai"
  }
}
